
Allocating common symbols
Common symbol       size              file

Flash_Memory_ptr2Fun
                    0x4               Flash_Memory_Driver.o
Alarm_Manager_ptr2Fun
                    0x4               Alarm_manager.o
Alarm_Buzzer_ptr2Fun
                    0x4               Alarm_Buzzer_Driver.o
Pressure_sensor_state
                    0x1               Pressure_Sensor.o
Alarm_Indicator_Status
                    0x1               Alarm_Indicator_Driver.o
i                   0x4               Alarm_manager.o
Alarm_Manager_State
                    0x1               Alarm_manager.o
Flash_Memory_state  0x1               Flash_Memory_Driver.o
Alarm_Buzzer_status
                    0x1               Alarm_Buzzer_Driver.o
flash               0x14              Flash_Memory_Driver.o
pval                0x4               Pressure_Sensor.o
Pressure_Sensor_ptr2Fun
                    0x4               Pressure_Sensor.o
Alarm_Indicator_ptr2Fun
                    0x4               Alarm_Indicator_Driver.o
flashArr            0x14              Flash_Memory_Driver.o

Memory Configuration

Name             Origin             Length             Attributes
flash            0x08000000         0x00020000         xr
sram             0x20000000         0x00005000         xrw
*default*        0x00000000         0xffffffff

Linker script and memory map


.text           0x08000000      0x83c
 *(.vectors*)
 .vectors       0x08000000       0x1c Startup.o
                0x08000000                vectors
 *(.text*)
 .text          0x0800001c       0xb4 Alarm_Buzzer_Driver.o
                0x0800001c                Alarm_Buzzer_init
                0x08000050                startAlarmBuzzer
                0x08000074                stopAlarmBuzzer
                0x08000098                ST_BuzzAlarm
                0x080000b4                ST_BuzzIdle
 .text          0x080000d0      0x16c Alarm_Indicator_Driver.o
                0x080000d0                Alarm_Indicator_init
                0x08000134                AlarmIndicatorOFF
                0x08000168                AlarmIndicatorON
                0x0800019c                AlarmIndication_State
                0x080001ec                AlarmIdle_State
 .text          0x0800023c       0xf8 Alarm_manager.o
                0x0800023c                Alarm_Manager_init
                0x08000258                ST_MonitorPressure
                0x08000300                ST_Waiting
 .text          0x08000334      0x1e4 BareMetalDriver.o
                0x08000334                Delay
                0x08000358                getPressureVal
                0x08000370                Set_Alarm_Buzzer
                0x080003c0                Set_Alarm_Indicator
                0x08000494                GPIO_INITIALIZATION
 .text          0x08000518      0x16c Flash_Memory_Driver.o
                0x08000518                Flash_Memory_init
                0x08000560                Storing_State
                0x080005a4                Waiting_State
                0x08000614                Flash_Memory_Enqueue
 .text          0x08000684       0x6c Main_Algorithm.o
                0x08000684                setup
                0x080006bc                main
 .text          0x080006f0       0x90 Pressure_Sensor.o
                0x080006f0                Pressure_Sensor_init
                0x0800070c                ST_ReadingPressureVal
                0x0800074c                ST_WaitingPressureVal
 .text          0x08000780       0xbc Startup.o
                0x08000780                H_fault_handler
                0x08000780                NMI_handler
                0x08000780                Bus_fault
                0x08000780                default_handler
                0x08000780                Usage_fault_handler
                0x08000780                NM_fault_handler
                0x0800078c                reset_handler
 *(.rodata)
                0x0800083c                _E_Text_ = .

.glue_7         0x0800083c        0x0
 .glue_7        0x00000000        0x0 linker stubs

.glue_7t        0x0800083c        0x0
 .glue_7t       0x00000000        0x0 linker stubs

.vfp11_veneer   0x0800083c        0x0
 .vfp11_veneer  0x00000000        0x0 linker stubs

.v4_bx          0x0800083c        0x0
 .v4_bx         0x00000000        0x0 linker stubs

.iplt           0x0800083c        0x0
 .iplt          0x00000000        0x0 Alarm_Buzzer_Driver.o

.rel.dyn        0x0800083c        0x0
 .rel.iplt      0x00000000        0x0 Alarm_Buzzer_Driver.o

.data           0x20000000        0x4 load address 0x0800083c
                0x20000000                _S_data_ = .
 *(.data)
 .data          0x20000000        0x0 Alarm_Buzzer_Driver.o
 .data          0x20000000        0x0 Alarm_Indicator_Driver.o
 .data          0x20000000        0x0 Alarm_manager.o
 .data          0x20000000        0x0 BareMetalDriver.o
 .data          0x20000000        0x4 Flash_Memory_Driver.o
                0x20000000                flashptr
 .data          0x20000004        0x0 Main_Algorithm.o
 .data          0x20000004        0x0 Pressure_Sensor.o
 .data          0x20000004        0x0 Startup.o
                0x20000004                _E_data_ = .

.igot.plt       0x20000004        0x0 load address 0x08000840
 .igot.plt      0x00000000        0x0 Alarm_Buzzer_Driver.o

.bss            0x20000004     0x1058 load address 0x08000840
                0x20000004                _S_bss_ = .
 *(.bss)
 .bss           0x20000004        0x0 Alarm_Buzzer_Driver.o
 .bss           0x20000004        0x0 Alarm_Indicator_Driver.o
 .bss           0x20000004        0x0 Alarm_manager.o
 .bss           0x20000004        0x0 BareMetalDriver.o
 .bss           0x20000004        0x0 Flash_Memory_Driver.o
 .bss           0x20000004        0x0 Main_Algorithm.o
 .bss           0x20000004        0x0 Pressure_Sensor.o
 .bss           0x20000004        0x0 Startup.o
                0x20000004                _E_bss_ = .
                0x20001004                . = (. + 0x1000)
 *fill*         0x20000004     0x1000 
                0x20001004                stack_top = .
 COMMON         0x20001004        0x5 Alarm_Buzzer_Driver.o
                0x20001004                Alarm_Buzzer_ptr2Fun
                0x20001008                Alarm_Buzzer_status
 *fill*         0x20001009        0x3 
 COMMON         0x2000100c        0x8 Alarm_Indicator_Driver.o
                0x2000100c                Alarm_Indicator_Status
                0x20001010                Alarm_Indicator_ptr2Fun
 COMMON         0x20001014        0x9 Alarm_manager.o
                0x20001014                Alarm_Manager_ptr2Fun
                0x20001018                i
                0x2000101c                Alarm_Manager_State
 *fill*         0x2000101d        0x3 
 COMMON         0x20001020       0x30 Flash_Memory_Driver.o
                0x20001020                Flash_Memory_ptr2Fun
                0x20001024                Flash_Memory_state
                0x20001028                flash
                0x2000103c                flashArr
 COMMON         0x20001050        0xc Pressure_Sensor.o
                0x20001050                Pressure_sensor_state
                0x20001054                pval
                0x20001058                Pressure_Sensor_ptr2Fun
LOAD Alarm_Buzzer_Driver.o
LOAD Alarm_Indicator_Driver.o
LOAD Alarm_manager.o
LOAD BareMetalDriver.o
LOAD Flash_Memory_Driver.o
LOAD Main_Algorithm.o
LOAD Pressure_Sensor.o
LOAD Startup.o
OUTPUT(Pressure_Detection_System.elf elf32-littlearm)

.debug_info     0x00000000      0xc1a
 .debug_info    0x00000000      0x134 Alarm_Buzzer_Driver.o
 .debug_info    0x00000134      0x1c1 Alarm_Indicator_Driver.o
 .debug_info    0x000002f5      0x154 Alarm_manager.o
 .debug_info    0x00000449      0x164 BareMetalDriver.o
 .debug_info    0x000005ad      0x274 Flash_Memory_Driver.o
 .debug_info    0x00000821      0x16a Main_Algorithm.o
 .debug_info    0x0000098b      0x11c Pressure_Sensor.o
 .debug_info    0x00000aa7      0x173 Startup.o

.debug_abbrev   0x00000000      0x5e7
 .debug_abbrev  0x00000000       0x9f Alarm_Buzzer_Driver.o
 .debug_abbrev  0x0000009f       0xb6 Alarm_Indicator_Driver.o
 .debug_abbrev  0x00000155       0xc1 Alarm_manager.o
 .debug_abbrev  0x00000216       0xb3 BareMetalDriver.o
 .debug_abbrev  0x000002c9      0x104 Flash_Memory_Driver.o
 .debug_abbrev  0x000003cd       0xb9 Main_Algorithm.o
 .debug_abbrev  0x00000486       0x9f Pressure_Sensor.o
 .debug_abbrev  0x00000525       0xc2 Startup.o

.debug_loc      0x00000000      0x58c
 .debug_loc     0x00000000       0xdc Alarm_Buzzer_Driver.o
 .debug_loc     0x000000dc      0x10c Alarm_Indicator_Driver.o
 .debug_loc     0x000001e8       0x84 Alarm_manager.o
 .debug_loc     0x0000026c      0x100 BareMetalDriver.o
 .debug_loc     0x0000036c       0xe0 Flash_Memory_Driver.o
 .debug_loc     0x0000044c       0x58 Main_Algorithm.o
 .debug_loc     0x000004a4       0x84 Pressure_Sensor.o
 .debug_loc     0x00000528       0x64 Startup.o

.debug_aranges  0x00000000      0x100
 .debug_aranges
                0x00000000       0x20 Alarm_Buzzer_Driver.o
 .debug_aranges
                0x00000020       0x20 Alarm_Indicator_Driver.o
 .debug_aranges
                0x00000040       0x20 Alarm_manager.o
 .debug_aranges
                0x00000060       0x20 BareMetalDriver.o
 .debug_aranges
                0x00000080       0x20 Flash_Memory_Driver.o
 .debug_aranges
                0x000000a0       0x20 Main_Algorithm.o
 .debug_aranges
                0x000000c0       0x20 Pressure_Sensor.o
 .debug_aranges
                0x000000e0       0x20 Startup.o

.debug_line     0x00000000      0x5e2
 .debug_line    0x00000000       0xb4 Alarm_Buzzer_Driver.o
 .debug_line    0x000000b4       0xd3 Alarm_Indicator_Driver.o
 .debug_line    0x00000187       0xbd Alarm_manager.o
 .debug_line    0x00000244       0xbd BareMetalDriver.o
 .debug_line    0x00000301       0xc0 Flash_Memory_Driver.o
 .debug_line    0x000003c1       0xcd Main_Algorithm.o
 .debug_line    0x0000048e       0xa6 Pressure_Sensor.o
 .debug_line    0x00000534       0xae Startup.o

.debug_str      0x00000000      0x597
 .debug_str     0x00000000      0x16d Alarm_Buzzer_Driver.o
                                0x1b9 (size before relaxing)
 .debug_str     0x0000016d      0x115 Alarm_Indicator_Driver.o
                                0x230 (size before relaxing)
 .debug_str     0x00000282       0x80 Alarm_manager.o
                                0x1e2 (size before relaxing)
 .debug_str     0x00000302       0x67 BareMetalDriver.o
                                0x1d4 (size before relaxing)
 .debug_str     0x00000369      0x104 Flash_Memory_Driver.o
                                0x238 (size before relaxing)
 .debug_str     0x0000046d       0x34 Main_Algorithm.o
                                0x19e (size before relaxing)
 .debug_str     0x000004a1       0x69 Pressure_Sensor.o
                                0x1c7 (size before relaxing)
 .debug_str     0x0000050a       0x8d Startup.o
                                0x1a3 (size before relaxing)

.comment        0x00000000       0x11
 .comment       0x00000000       0x11 Alarm_Buzzer_Driver.o
                                 0x12 (size before relaxing)
 .comment       0x00000000       0x12 Alarm_Indicator_Driver.o
 .comment       0x00000000       0x12 Alarm_manager.o
 .comment       0x00000000       0x12 BareMetalDriver.o
 .comment       0x00000000       0x12 Flash_Memory_Driver.o
 .comment       0x00000000       0x12 Main_Algorithm.o
 .comment       0x00000000       0x12 Pressure_Sensor.o
 .comment       0x00000000       0x12 Startup.o

.ARM.attributes
                0x00000000       0x33
 .ARM.attributes
                0x00000000       0x33 Alarm_Buzzer_Driver.o
 .ARM.attributes
                0x00000033       0x33 Alarm_Indicator_Driver.o
 .ARM.attributes
                0x00000066       0x33 Alarm_manager.o
 .ARM.attributes
                0x00000099       0x33 BareMetalDriver.o
 .ARM.attributes
                0x000000cc       0x33 Flash_Memory_Driver.o
 .ARM.attributes
                0x000000ff       0x33 Main_Algorithm.o
 .ARM.attributes
                0x00000132       0x33 Pressure_Sensor.o
 .ARM.attributes
                0x00000165       0x33 Startup.o

.debug_frame    0x00000000      0x3b0
 .debug_frame   0x00000000       0x98 Alarm_Buzzer_Driver.o
 .debug_frame   0x00000098       0xa8 Alarm_Indicator_Driver.o
 .debug_frame   0x00000140       0x60 Alarm_manager.o
 .debug_frame   0x000001a0       0x94 BareMetalDriver.o
 .debug_frame   0x00000234       0x88 Flash_Memory_Driver.o
 .debug_frame   0x000002bc       0x48 Main_Algorithm.o
 .debug_frame   0x00000304       0x60 Pressure_Sensor.o
 .debug_frame   0x00000364       0x4c Startup.o
