
Memory Configuration

Name             Origin             Length             Attributes
Mem              0x00000000         0x04000000         xrw
*default*        0x00000000         0xffffffff

Linker script and memory map

                0x00010000                . = 0x10000

.startup        0x00010000        0xc
 startup.o(.text)
 .text          0x00010000        0xc startup.o
                0x00010000                reset

.text           0x0001000c       0x68
 *(.text)
 .text          0x0001000c       0x50 uartMain.o
                0x0001000c                Uart_Send_String
 .text          0x0001005c       0x18 appMain.o
                0x0001005c                main

.glue_7         0x00010074        0x0
 .glue_7        0x00000000        0x0 linker stubs

.glue_7t        0x00010074        0x0
 .glue_7t       0x00000000        0x0 linker stubs

.vfp11_veneer   0x00010074        0x0
 .vfp11_veneer  0x00000000        0x0 linker stubs

.v4_bx          0x00010074        0x0
 .v4_bx         0x00000000        0x0 linker stubs

.iplt           0x00010074        0x0
 .iplt          0x00000000        0x0 startup.o

.rel.dyn        0x00010074        0x0
 .rel.iplt      0x00000000        0x0 startup.o

.data           0x00010074       0x64
 *(.data)
 .data          0x00010074        0x0 startup.o
 .data          0x00010074        0x0 uartMain.o
 .data          0x00010074       0x64 appMain.o
                0x00010074                Send_String

.igot.plt       0x000100d8        0x0
 .igot.plt      0x00000000        0x0 startup.o

.bss            0x000100d8        0x0
 *(.bss)
 .bss           0x000100d8        0x0 startup.o
 .bss           0x000100d8        0x0 uartMain.o
 .bss           0x000100d8        0x0 appMain.o
 *(COMMON)
                0x000110d8                . = (. + 0x1000)
                0x000110d8                stack_top = .
LOAD uartMain.o
LOAD appMain.o
LOAD startup.o
OUTPUT(Zoz.elf elf32-littlearm)

.ARM.attributes
                0x00000000       0x2e
 .ARM.attributes
                0x00000000       0x22 startup.o
 .ARM.attributes
                0x00000022       0x32 uartMain.o
 .ARM.attributes
                0x00000054       0x32 appMain.o

.comment        0x00000000       0x11
 .comment       0x00000000       0x11 uartMain.o
                                 0x12 (size before relaxing)
 .comment       0x00000000       0x12 appMain.o

.debug_line     0x00000000       0xbb
 .debug_line    0x00000000       0x39 startup.o
 .debug_line    0x00000039       0x41 uartMain.o
 .debug_line    0x0000007a       0x41 appMain.o

.debug_info     0x00000000      0x1f3
 .debug_info    0x00000000       0x9c startup.o
 .debug_info    0x0000009c       0xa5 uartMain.o
 .debug_info    0x00000141       0xb2 appMain.o

.debug_abbrev   0x00000000       0xd3
 .debug_abbrev  0x00000000       0x14 startup.o
 .debug_abbrev  0x00000014       0x5a uartMain.o
 .debug_abbrev  0x0000006e       0x65 appMain.o

.debug_aranges  0x00000000       0x60
 .debug_aranges
                0x00000000       0x20 startup.o
 .debug_aranges
                0x00000020       0x20 uartMain.o
 .debug_aranges
                0x00000040       0x20 appMain.o

.debug_loc      0x00000000       0x58
 .debug_loc     0x00000000       0x2c uartMain.o
 .debug_loc     0x0000002c       0x2c appMain.o

.debug_str      0x00000000      0x10f
 .debug_str     0x00000000      0x100 uartMain.o
                                0x139 (size before relaxing)
 .debug_str     0x00000100        0xf appMain.o
                                0x123 (size before relaxing)

.debug_frame    0x00000000       0x54
 .debug_frame   0x00000000       0x28 uartMain.o
 .debug_frame   0x00000028       0x2c appMain.o
