
Memory Configuration

Name             Origin             Length             Attributes
flash            0x08000000         0x00020000         xr
sram             0x20000000         0x00005000         xrw
*default*        0x00000000         0xffffffff

Linker script and memory map


.text           0x08000000      0x184
 *(.vectors*)
 .vectors       0x08000000       0x1c startup.o
                0x08000000                vectors
 *(.text*)
 .text          0x0800001c       0xa8 main.o
                0x0800001c                main
 .text          0x080000c4       0xbc startup.o
                0x080000c4                H_fault_handler
                0x080000c4                NMI_handler
                0x080000c4                Bus_fault
                0x080000c4                default_handler
                0x080000c4                Usage_fault_handler
                0x080000c4                NM_fault_handler
                0x080000d0                reset_handler
 *(.rodata)
 .rodata        0x08000180        0x4 main.o
                0x08000180                const_variables
                0x08000184                _E_Text_ = .

.glue_7         0x08000184        0x0
 .glue_7        0x00000000        0x0 linker stubs

.glue_7t        0x08000184        0x0
 .glue_7t       0x00000000        0x0 linker stubs

.vfp11_veneer   0x08000184        0x0
 .vfp11_veneer  0x00000000        0x0 linker stubs

.v4_bx          0x08000184        0x0
 .v4_bx         0x00000000        0x0 linker stubs

.iplt           0x08000184        0x0
 .iplt          0x00000000        0x0 main.o

.rel.dyn        0x08000184        0x0
 .rel.iplt      0x00000000        0x0 main.o

.data           0x20000000        0x8 load address 0x08000184
                0x20000000                _S_data_ = .
 *(.data)
 .data          0x20000000        0x8 main.o
                0x20000000                ODR
                0x20000004                g_variables
 .data          0x20000008        0x0 startup.o
                0x20000008                _E_data_ = .

.igot.plt       0x20000008        0x0 load address 0x0800018c
 .igot.plt      0x00000000        0x0 main.o

.bss            0x20000008     0x1000 load address 0x0800018c
                0x20000008                _S_bss_ = .
 *(.bss)
 .bss           0x20000008        0x0 main.o
 .bss           0x20000008        0x0 startup.o
                0x20000008                _E_bss_ = .
                0x20001008                . = (. + 0x1000)
 *fill*         0x20000008     0x1000 
                0x20001008                stack_top = .
LOAD main.o
LOAD startup.o
OUTPUT(ledtoggle_cortex-m3.elf elf32-littlearm)

.debug_info     0x00000000      0x2e8
 .debug_info    0x00000000      0x182 main.o
 .debug_info    0x00000182      0x166 startup.o

.debug_abbrev   0x00000000      0x1b2
 .debug_abbrev  0x00000000       0xf0 main.o
 .debug_abbrev  0x000000f0       0xc2 startup.o

.debug_loc      0x00000000       0x9c
 .debug_loc     0x00000000       0x38 main.o
 .debug_loc     0x00000038       0x64 startup.o

.debug_aranges  0x00000000       0x40
 .debug_aranges
                0x00000000       0x20 main.o
 .debug_aranges
                0x00000020       0x20 startup.o

.debug_line     0x00000000       0xe3
 .debug_line    0x00000000       0x68 main.o
 .debug_line    0x00000068       0x7b startup.o

.debug_str      0x00000000      0x1a4
 .debug_str     0x00000000      0x123 main.o
                                0x163 (size before relaxing)
 .debug_str     0x00000123       0x81 startup.o
                                0x16a (size before relaxing)

.comment        0x00000000       0x11
 .comment       0x00000000       0x11 main.o
                                 0x12 (size before relaxing)
 .comment       0x00000000       0x12 startup.o

.ARM.attributes
                0x00000000       0x33
 .ARM.attributes
                0x00000000       0x33 main.o
 .ARM.attributes
                0x00000033       0x33 startup.o

.debug_frame    0x00000000       0x78
 .debug_frame   0x00000000       0x2c main.o
 .debug_frame   0x0000002c       0x4c startup.o
