
Allocating common symbols
Common symbol       size              file

Led_delay           0x4               main.o
clock_delay         0x4               main.o

Memory Configuration

Name             Origin             Length             Attributes
flash            0x00000000         0x20000000         xr
sram             0x20000000         0x20000000         xrw
*default*        0x00000000         0xffffffff

Linker script and memory map


.text           0x00000000      0x1b0
 *(.vectors*)
 .vectors       0x00000000       0x1c startup.o
                0x00000000                arr_p_func
 *(.text*)
 .text          0x0000001c      0x11c main.o
                0x0000001c                main
 .text          0x00000138       0x78 startup.o
                0x00000138                H_fault_handler
                0x00000138                NMI_handler
                0x00000138                Bus_fault
                0x00000138                default_handler
                0x00000138                Usage_fault_handler
                0x00000138                NM_fault_handler
                0x00000144                reset_handler
 *(.rodata)
                0x000001b0                _E_Text_ = .

.glue_7         0x000001b0        0x0
 .glue_7        0x00000000        0x0 linker stubs

.glue_7t        0x000001b0        0x0
 .glue_7t       0x00000000        0x0 linker stubs

.vfp11_veneer   0x000001b0        0x0
 .vfp11_veneer  0x00000000        0x0 linker stubs

.v4_bx          0x000001b0        0x0
 .v4_bx         0x00000000        0x0 linker stubs

.iplt           0x000001b0        0x0
 .iplt          0x00000000        0x0 main.o

.rel.dyn        0x000001b0        0x0
 .rel.iplt      0x00000000        0x0 main.o

.data           0x20000000        0x4 load address 0x000001b0
                0x20000000                _S_data_ = .
 *(.data)
 .data          0x20000000        0x4 main.o
                0x20000000                PF
 .data          0x20000004        0x0 startup.o
                0x20000004                _E_data_ = .

.igot.plt       0x20000004        0x0 load address 0x000001b4
 .igot.plt      0x00000000        0x0 main.o

.bss            0x20000004      0x408 load address 0x000001b4
                0x20000004                _S_bss_ = .
 *(.bss)
 .bss           0x20000004        0x0 main.o
 .bss           0x20000004      0x400 startup.o
                0x20000404                _E_bss_ = .
 COMMON         0x20000404        0x8 main.o
                0x20000404                Led_delay
                0x20000408                clock_delay
LOAD main.o
LOAD startup.o
OUTPUT(ledtoggle_cortex-m4.elf elf32-littlearm)

.debug_info     0x00000000      0x2bd
 .debug_info    0x00000000      0x151 main.o
 .debug_info    0x00000151      0x16c startup.o

.debug_abbrev   0x00000000      0x198
 .debug_abbrev  0x00000000       0xca main.o
 .debug_abbrev  0x000000ca       0xce startup.o

.debug_loc      0x00000000       0x90
 .debug_loc     0x00000000       0x2c main.o
 .debug_loc     0x0000002c       0x64 startup.o

.debug_aranges  0x00000000       0x40
 .debug_aranges
                0x00000000       0x20 main.o
 .debug_aranges
                0x00000020       0x20 startup.o

.debug_line     0x00000000       0xd8
 .debug_line    0x00000000       0x71 main.o
 .debug_line    0x00000071       0x67 startup.o

.debug_str      0x00000000      0x195
 .debug_str     0x00000000      0x120 main.o
                                0x160 (size before relaxing)
 .debug_str     0x00000120       0x75 startup.o
                                0x167 (size before relaxing)

.comment        0x00000000       0x11
 .comment       0x00000000       0x11 main.o
                                 0x12 (size before relaxing)
 .comment       0x00000000       0x12 startup.o

.ARM.attributes
                0x00000000       0x33
 .ARM.attributes
                0x00000000       0x33 main.o
 .ARM.attributes
                0x00000033       0x33 startup.o

.debug_frame    0x00000000       0x74
 .debug_frame   0x00000000       0x28 main.o
 .debug_frame   0x00000028       0x4c startup.o
